// Jest Snapshot v1, https://jestjs.io/docs/snapshot-testing

exports[`ConstraintError serialization should include code in serialization when slug is present 1`] = `
"{
  "message": "✋ ConstraintError: rate limit exceeded",
  "stack": "[STACK]",
  "code": {
    "http": 400,
    "exit": 2,
    "slug": "RATE_LIMITED"
  }
}"
`;

exports[`ConstraintError serialization should serialize to json expressively 1`] = `
"{
  "message": "✋ ConstraintError: validation failed\\n\\n{\\n  \\"field\\": \\"email\\",\\n  \\"value\\": \\"not-an-email\\"\\n}",
  "stack": "[STACK]"
}"
`;

exports[`ConstraintError should produce a helpful, observable error message 1`] = `
[Error: ✋ ConstraintError: email must be valid

{
  "email": "invalid"
}]
`;
