// Jest Snapshot v1, https://jestjs.io/docs/snapshot-testing

exports[`MalfunctionError serialization should include code in serialization when slug is present 1`] = `
"{
  "message": "💥 MalfunctionError: database connection lost",
  "stack": "[STACK]",
  "code": {
    "http": 500,
    "exit": 1,
    "slug": "DB_CONN_LOST"
  }
}"
`;

exports[`MalfunctionError serialization should serialize to json expressively 1`] = `
"{
  "message": "💥 MalfunctionError: unexpected state\\n\\n{\\n  \\"component\\": \\"database\\",\\n  \\"state\\": \\"disconnected\\"\\n}",
  "stack": "[STACK]"
}"
`;

exports[`MalfunctionError should produce a helpful, observable error message 1`] = `
[Error: 💥 MalfunctionError: database connection lost

{
  "stage": "prod"
}]
`;
